Archive member included to satisfy reference by file (symbol)

/usr/lib/gcc/arm-none-eabi/7.1.0/thumb/v6-m/libgcc.a(_udivsi3.o)
                              lib.o (__aeabi_uidiv)
/usr/lib/gcc/arm-none-eabi/7.1.0/thumb/v6-m/libgcc.a(_dvmd_tls.o)
                              /usr/lib/gcc/arm-none-eabi/7.1.0/thumb/v6-m/libgcc.a(_udivsi3.o) (__aeabi_idiv0)

Memory Configuration

Name             Origin             Length             Attributes
FLASH            0x0000000000000000 0x0000000000040000 xr
RAM              0x0000000020000000 0x0000000000004000 xrw
*default*        0x0000000000000000 0xffffffffffffffff

Linker script and memory map

LOAD primes2.o
LOAD lib.o
LOAD startup.o
LOAD /usr/lib/gcc/arm-none-eabi/7.1.0/thumb/v6-m/libgcc.a

.text           0x0000000000000000      0x76c
 *(.vectors)
 .vectors       0x0000000000000000       0xc0 startup.o
                0x0000000000000000                __vectors
 *(.text*)
 .text          0x00000000000000c0      0x194 primes2.o
                0x00000000000000c0                serial_putc
                0x00000000000000f4                serial_init
                0x000000000000018c                serial_printf
                0x00000000000001ac                modulo
                0x00000000000001b8                prime
                0x00000000000001e4                start_timer
                0x0000000000000204                stop_timer
                0x0000000000000210                init
 .text          0x0000000000000254      0x220 lib.o
                0x00000000000003b0                atoi
                0x00000000000003f4                xtou
                0x000000000000042e                do_print
                0x0000000000000442                sprintf
 .text          0x0000000000000474      0x15c startup.o
                0x0000000000000474                default_handler
                0x0000000000000474                spin
                0x00000000000004bc                ecb_handler
                0x00000000000004bc                systick_handler
                0x00000000000004bc                timer0_handler
                0x00000000000004bc                swi0_handler
                0x00000000000004bc                rtc0_handler
                0x00000000000004bc                rtc1_handler
                0x00000000000004bc                swi4_handler
                0x00000000000004bc                timer2_handler
                0x00000000000004bc                timer1_handler
                0x00000000000004bc                swi5_handler
                0x00000000000004bc                svc_handler
                0x00000000000004bc                swi1_handler
                0x00000000000004bc                qdec_handler
                0x00000000000004bc                spi0_twi0_handler
                0x00000000000004bc                rng_handler
                0x00000000000004bc                temp_handler
                0x00000000000004bc                power_clock_handler
                0x00000000000004bc                gpiote_handler
                0x00000000000004bc                swi2_handler
                0x00000000000004bc                ccm_aar_handler
                0x00000000000004bc                pendsv_handler
                0x00000000000004bc                swi3_handler
                0x00000000000004bc                spi1_twi1_handler
                0x00000000000004bc                radio_handler
                0x00000000000004bc                adc_handler
                0x00000000000004bc                hardfault_handler
                0x00000000000004bc                uart_handler
                0x00000000000004bc                nmi_handler
                0x00000000000004bc                lpcomp_handler
                0x00000000000004bc                wdt_handler
                0x00000000000004c4                null
                0x00000000000004c4                phos_init
                0x00000000000004c4                phos_start
                0x00000000000004c6                __reset
                0x0000000000000540                set_priority
                0x00000000000005a0                enable_irq
                0x00000000000005b0                disable_irq
                0x00000000000005c0                clear_pending
 .text          0x00000000000005d0      0x114 /usr/lib/gcc/arm-none-eabi/7.1.0/thumb/v6-m/libgcc.a(_udivsi3.o)
                0x00000000000005d0                __udivsi3
                0x00000000000005d0                __aeabi_uidiv
                0x00000000000006dc                __aeabi_uidivmod
 .text          0x00000000000006e4        0x4 /usr/lib/gcc/arm-none-eabi/7.1.0/thumb/v6-m/libgcc.a(_dvmd_tls.o)
                0x00000000000006e4                __aeabi_ldiv0
                0x00000000000006e4                __aeabi_idiv0
 *(.rodata*)
 .rodata.str1.4
                0x00000000000006e8       0x11 primes2.o
 *fill*         0x00000000000006f9        0x3 
 .rodata        0x00000000000006fc       0x58 lib.o
 .rodata.str1.4
                0x0000000000000754       0x18 lib.o
                                         0x17 (size before relaxing)
                0x000000000000076c                . = ALIGN (0x4)
                0x000000000000076c                __etext = .

.glue_7         0x000000000000076c        0x0
 .glue_7        0x000000000000076c        0x0 linker stubs

.glue_7t        0x000000000000076c        0x0
 .glue_7t       0x000000000000076c        0x0 linker stubs

.vfp11_veneer   0x000000000000076c        0x0
 .vfp11_veneer  0x000000000000076c        0x0 linker stubs

.v4_bx          0x000000000000076c        0x0
 .v4_bx         0x000000000000076c        0x0 linker stubs

.iplt           0x000000000000076c        0x0
 .iplt          0x000000000000076c        0x0 primes2.o

.rel.dyn        0x000000000000076c        0x0
 .rel.iplt      0x000000000000076c        0x0 primes2.o

.data           0x0000000020000000        0x0 load address 0x000000000000076c
                0x0000000020000000                __data_start = .
 *(.data*)
 .data          0x0000000020000000        0x0 primes2.o
 .data          0x0000000020000000        0x0 lib.o
 .data          0x0000000020000000        0x0 startup.o
 .data          0x0000000020000000        0x0 /usr/lib/gcc/arm-none-eabi/7.1.0/thumb/v6-m/libgcc.a(_udivsi3.o)
 .data          0x0000000020000000        0x0 /usr/lib/gcc/arm-none-eabi/7.1.0/thumb/v6-m/libgcc.a(_dvmd_tls.o)
                0x0000000020000000                . = ALIGN (0x4)
                0x0000000020000000                __data_end = .

.igot.plt       0x0000000020000000        0x0 load address 0x000000000000076c
 .igot.plt      0x0000000020000000        0x0 primes2.o

.bss            0x0000000020000000        0x4 load address 0x000000000000076c
                0x0000000020000000                __bss_start = .
 *(.bss*)
 .bss           0x0000000020000000        0x4 primes2.o
 .bss           0x0000000020000004        0x0 lib.o
 .bss           0x0000000020000004        0x0 startup.o
 .bss           0x0000000020000004        0x0 /usr/lib/gcc/arm-none-eabi/7.1.0/thumb/v6-m/libgcc.a(_udivsi3.o)
 .bss           0x0000000020000004        0x0 /usr/lib/gcc/arm-none-eabi/7.1.0/thumb/v6-m/libgcc.a(_dvmd_tls.o)
 *(COMMON)
                0x0000000020000004                . = ALIGN (0x4)
                0x0000000020000004                __bss_end = .
                0x0000000020000004                __end = .
                0x0000000020004000                __stack = (ORIGIN (RAM) + LENGTH (RAM))
                0x0000000020003800                __stack_limit = (__stack - 0x800)
                0x0000000000000001                ASSERT ((__stack_limit >= __end), region RAM overlaps with stack)
OUTPUT(primes2.elf elf32-littlearm)

.debug_info     0x0000000000000000      0xad9
 .debug_info    0x0000000000000000      0x26e primes2.o
 .debug_info    0x000000000000026e      0x4fd lib.o
 .debug_info    0x000000000000076b      0x1ee startup.o
 .debug_info    0x0000000000000959       0xc0 /usr/lib/gcc/arm-none-eabi/7.1.0/thumb/v6-m/libgcc.a(_udivsi3.o)
 .debug_info    0x0000000000000a19       0xc0 /usr/lib/gcc/arm-none-eabi/7.1.0/thumb/v6-m/libgcc.a(_dvmd_tls.o)

.debug_abbrev   0x0000000000000000      0x59e
 .debug_abbrev  0x0000000000000000      0x200 primes2.o
 .debug_abbrev  0x0000000000000200      0x23e lib.o
 .debug_abbrev  0x000000000000043e      0x138 startup.o
 .debug_abbrev  0x0000000000000576       0x14 /usr/lib/gcc/arm-none-eabi/7.1.0/thumb/v6-m/libgcc.a(_udivsi3.o)
 .debug_abbrev  0x000000000000058a       0x14 /usr/lib/gcc/arm-none-eabi/7.1.0/thumb/v6-m/libgcc.a(_dvmd_tls.o)

.debug_loc      0x0000000000000000      0x68d
 .debug_loc     0x0000000000000000       0x9f primes2.o
 .debug_loc     0x000000000000009f      0x526 lib.o
 .debug_loc     0x00000000000005c5       0xc8 startup.o

.debug_aranges  0x0000000000000000       0xa0
 .debug_aranges
                0x0000000000000000       0x20 primes2.o
 .debug_aranges
                0x0000000000000020       0x20 lib.o
 .debug_aranges
                0x0000000000000040       0x20 startup.o
 .debug_aranges
                0x0000000000000060       0x20 /usr/lib/gcc/arm-none-eabi/7.1.0/thumb/v6-m/libgcc.a(_udivsi3.o)
 .debug_aranges
                0x0000000000000080       0x20 /usr/lib/gcc/arm-none-eabi/7.1.0/thumb/v6-m/libgcc.a(_dvmd_tls.o)

.debug_ranges   0x0000000000000000       0x60
 .debug_ranges  0x0000000000000000       0x30 primes2.o
 .debug_ranges  0x0000000000000030       0x30 lib.o

.debug_line     0x0000000000000000      0x355
 .debug_line    0x0000000000000000       0xe9 primes2.o
 .debug_line    0x00000000000000e9      0x105 lib.o
 .debug_line    0x00000000000001ee       0x8d startup.o
 .debug_line    0x000000000000027b       0x73 /usr/lib/gcc/arm-none-eabi/7.1.0/thumb/v6-m/libgcc.a(_udivsi3.o)
 .debug_line    0x00000000000002ee       0x67 /usr/lib/gcc/arm-none-eabi/7.1.0/thumb/v6-m/libgcc.a(_dvmd_tls.o)

.debug_str      0x0000000000000000      0x1ec
 .debug_str     0x0000000000000000       0xd2 primes2.o
                                         0xe8 (size before relaxing)
 .debug_str     0x00000000000000d2       0x6a lib.o
                                         0xf2 (size before relaxing)
 .debug_str     0x000000000000013c       0xb0 startup.o
                                        0x110 (size before relaxing)

.comment        0x0000000000000000       0x21
 .comment       0x0000000000000000       0x21 primes2.o
                                         0x22 (size before relaxing)
 .comment       0x0000000000000021       0x22 lib.o
 .comment       0x0000000000000021       0x22 startup.o

.ARM.attributes
                0x0000000000000000       0x31
 .ARM.attributes
                0x0000000000000000       0x31 primes2.o
 .ARM.attributes
                0x0000000000000031       0x31 lib.o
 .ARM.attributes
                0x0000000000000062       0x31 startup.o
 .ARM.attributes
                0x0000000000000093       0x1e /usr/lib/gcc/arm-none-eabi/7.1.0/thumb/v6-m/libgcc.a(_udivsi3.o)
 .ARM.attributes
                0x00000000000000b1       0x1e /usr/lib/gcc/arm-none-eabi/7.1.0/thumb/v6-m/libgcc.a(_dvmd_tls.o)

.debug_frame    0x0000000000000000      0x268
 .debug_frame   0x0000000000000000       0xb0 primes2.o
 .debug_frame   0x00000000000000b0       0xec lib.o
 .debug_frame   0x000000000000019c       0xac startup.o
 .debug_frame   0x0000000000000248       0x20 /usr/lib/gcc/arm-none-eabi/7.1.0/thumb/v6-m/libgcc.a(_udivsi3.o)
