Archive member included to satisfy reference by file (symbol)

/usr/lib/gcc/arm-none-eabi/7.1.0/thumb/v6-m/libgcc.a(_udivsi3.o)
                              lib.o (__aeabi_uidiv)
/usr/lib/gcc/arm-none-eabi/7.1.0/thumb/v6-m/libgcc.a(_dvmd_tls.o)
                              /usr/lib/gcc/arm-none-eabi/7.1.0/thumb/v6-m/libgcc.a(_udivsi3.o) (__aeabi_idiv0)

Memory Configuration

Name             Origin             Length             Attributes
FLASH            0x0000000000000000 0x0000000000040000 xr
RAM              0x0000000020000000 0x0000000000004000 xrw
*default*        0x0000000000000000 0xffffffffffffffff

Linker script and memory map

LOAD primes-poll.o
LOAD lib.o
LOAD startup.o
LOAD /usr/lib/gcc/arm-none-eabi/7.1.0/thumb/v6-m/libgcc.a

.text           0x0000000000000000      0x77c
 *(.vectors)
 .vectors       0x0000000000000000       0xc0 startup.o
                0x0000000000000000                __vectors
 *(.text*)
 .text          0x00000000000000c0      0x1a0 primes-poll.o
                0x00000000000000c0                serial_putc
                0x00000000000000ec                serial_init
                0x0000000000000184                serial_printf
                0x00000000000001a4                modulo
                0x00000000000001b0                prime
                0x00000000000001dc                start_timer
                0x00000000000001fc                stop_timer
                0x0000000000000208                init
 .text          0x0000000000000260      0x220 lib.o
                0x00000000000003bc                atoi
                0x0000000000000400                xtou
                0x000000000000043a                do_print
                0x000000000000044e                sprintf
 .text          0x0000000000000480      0x15c startup.o
                0x0000000000000480                default_handler
                0x0000000000000480                spin
                0x00000000000004c8                ecb_handler
                0x00000000000004c8                systick_handler
                0x00000000000004c8                timer0_handler
                0x00000000000004c8                swi0_handler
                0x00000000000004c8                rtc0_handler
                0x00000000000004c8                rtc1_handler
                0x00000000000004c8                swi4_handler
                0x00000000000004c8                timer2_handler
                0x00000000000004c8                timer1_handler
                0x00000000000004c8                swi5_handler
                0x00000000000004c8                svc_handler
                0x00000000000004c8                swi1_handler
                0x00000000000004c8                qdec_handler
                0x00000000000004c8                spi0_twi0_handler
                0x00000000000004c8                rng_handler
                0x00000000000004c8                temp_handler
                0x00000000000004c8                power_clock_handler
                0x00000000000004c8                gpiote_handler
                0x00000000000004c8                swi2_handler
                0x00000000000004c8                ccm_aar_handler
                0x00000000000004c8                pendsv_handler
                0x00000000000004c8                swi3_handler
                0x00000000000004c8                spi1_twi1_handler
                0x00000000000004c8                radio_handler
                0x00000000000004c8                adc_handler
                0x00000000000004c8                hardfault_handler
                0x00000000000004c8                uart_handler
                0x00000000000004c8                nmi_handler
                0x00000000000004c8                lpcomp_handler
                0x00000000000004c8                wdt_handler
                0x00000000000004d0                null
                0x00000000000004d0                phos_init
                0x00000000000004d0                phos_start
                0x00000000000004d2                __reset
                0x000000000000054c                set_priority
                0x00000000000005ac                enable_irq
                0x00000000000005bc                disable_irq
                0x00000000000005cc                clear_pending
 .text          0x00000000000005dc      0x114 /usr/lib/gcc/arm-none-eabi/7.1.0/thumb/v6-m/libgcc.a(_udivsi3.o)
                0x00000000000005dc                __udivsi3
                0x00000000000005dc                __aeabi_uidiv
                0x00000000000006e8                __aeabi_uidivmod
 .text          0x00000000000006f0        0x4 /usr/lib/gcc/arm-none-eabi/7.1.0/thumb/v6-m/libgcc.a(_dvmd_tls.o)
                0x00000000000006f0                __aeabi_ldiv0
                0x00000000000006f0                __aeabi_idiv0
 *(.rodata*)
 .rodata.str1.4
                0x00000000000006f4       0x17 primes-poll.o
 *fill*         0x000000000000070b        0x1 
 .rodata        0x000000000000070c       0x58 lib.o
 .rodata.str1.4
                0x0000000000000764       0x18 lib.o
                                         0x17 (size before relaxing)
                0x000000000000077c                . = ALIGN (0x4)
                0x000000000000077c                __etext = .

.glue_7         0x000000000000077c        0x0
 .glue_7        0x000000000000077c        0x0 linker stubs

.glue_7t        0x000000000000077c        0x0
 .glue_7t       0x000000000000077c        0x0 linker stubs

.vfp11_veneer   0x000000000000077c        0x0
 .vfp11_veneer  0x000000000000077c        0x0 linker stubs

.v4_bx          0x000000000000077c        0x0
 .v4_bx         0x000000000000077c        0x0 linker stubs

.iplt           0x000000000000077c        0x0
 .iplt          0x000000000000077c        0x0 primes-poll.o

.rel.dyn        0x000000000000077c        0x0
 .rel.iplt      0x000000000000077c        0x0 primes-poll.o

.data           0x0000000020000000        0x0 load address 0x000000000000077c
                0x0000000020000000                __data_start = .
 *(.data*)
 .data          0x0000000020000000        0x0 primes-poll.o
 .data          0x0000000020000000        0x0 lib.o
 .data          0x0000000020000000        0x0 startup.o
 .data          0x0000000020000000        0x0 /usr/lib/gcc/arm-none-eabi/7.1.0/thumb/v6-m/libgcc.a(_udivsi3.o)
 .data          0x0000000020000000        0x0 /usr/lib/gcc/arm-none-eabi/7.1.0/thumb/v6-m/libgcc.a(_dvmd_tls.o)
                0x0000000020000000                . = ALIGN (0x4)
                0x0000000020000000                __data_end = .

.igot.plt       0x0000000020000000        0x0 load address 0x000000000000077c
 .igot.plt      0x0000000020000000        0x0 primes-poll.o

.bss            0x0000000020000000        0x4 load address 0x000000000000077c
                0x0000000020000000                __bss_start = .
 *(.bss*)
 .bss           0x0000000020000000        0x4 primes-poll.o
 .bss           0x0000000020000004        0x0 lib.o
 .bss           0x0000000020000004        0x0 startup.o
 .bss           0x0000000020000004        0x0 /usr/lib/gcc/arm-none-eabi/7.1.0/thumb/v6-m/libgcc.a(_udivsi3.o)
 .bss           0x0000000020000004        0x0 /usr/lib/gcc/arm-none-eabi/7.1.0/thumb/v6-m/libgcc.a(_dvmd_tls.o)
 *(COMMON)
                0x0000000020000004                . = ALIGN (0x4)
                0x0000000020000004                __bss_end = .
                0x0000000020000004                __end = .
                0x0000000020004000                __stack = (ORIGIN (RAM) + LENGTH (RAM))
                0x0000000020003800                __stack_limit = (__stack - 0x800)
                0x0000000000000001                ASSERT ((__stack_limit >= __end), region RAM overlaps with stack)
OUTPUT(primes-poll.elf elf32-littlearm)

.debug_info     0x0000000000000000      0xb00
 .debug_info    0x0000000000000000      0x295 primes-poll.o
 .debug_info    0x0000000000000295      0x4fd lib.o
 .debug_info    0x0000000000000792      0x1ee startup.o
 .debug_info    0x0000000000000980       0xc0 /usr/lib/gcc/arm-none-eabi/7.1.0/thumb/v6-m/libgcc.a(_udivsi3.o)
 .debug_info    0x0000000000000a40       0xc0 /usr/lib/gcc/arm-none-eabi/7.1.0/thumb/v6-m/libgcc.a(_dvmd_tls.o)

.debug_abbrev   0x0000000000000000      0x59e
 .debug_abbrev  0x0000000000000000      0x200 primes-poll.o
 .debug_abbrev  0x0000000000000200      0x23e lib.o
 .debug_abbrev  0x000000000000043e      0x138 startup.o
 .debug_abbrev  0x0000000000000576       0x14 /usr/lib/gcc/arm-none-eabi/7.1.0/thumb/v6-m/libgcc.a(_udivsi3.o)
 .debug_abbrev  0x000000000000058a       0x14 /usr/lib/gcc/arm-none-eabi/7.1.0/thumb/v6-m/libgcc.a(_dvmd_tls.o)

.debug_loc      0x0000000000000000      0x68d
 .debug_loc     0x0000000000000000       0x9f primes-poll.o
 .debug_loc     0x000000000000009f      0x526 lib.o
 .debug_loc     0x00000000000005c5       0xc8 startup.o

.debug_aranges  0x0000000000000000       0xa0
 .debug_aranges
                0x0000000000000000       0x20 primes-poll.o
 .debug_aranges
                0x0000000000000020       0x20 lib.o
 .debug_aranges
                0x0000000000000040       0x20 startup.o
 .debug_aranges
                0x0000000000000060       0x20 /usr/lib/gcc/arm-none-eabi/7.1.0/thumb/v6-m/libgcc.a(_udivsi3.o)
 .debug_aranges
                0x0000000000000080       0x20 /usr/lib/gcc/arm-none-eabi/7.1.0/thumb/v6-m/libgcc.a(_dvmd_tls.o)

.debug_ranges   0x0000000000000000       0x60
 .debug_ranges  0x0000000000000000       0x30 primes-poll.o
 .debug_ranges  0x0000000000000030       0x30 lib.o

.debug_line     0x0000000000000000      0x358
 .debug_line    0x0000000000000000       0xec primes-poll.o
 .debug_line    0x00000000000000ec      0x105 lib.o
 .debug_line    0x00000000000001f1       0x8d startup.o
 .debug_line    0x000000000000027e       0x73 /usr/lib/gcc/arm-none-eabi/7.1.0/thumb/v6-m/libgcc.a(_udivsi3.o)
 .debug_line    0x00000000000002f1       0x67 /usr/lib/gcc/arm-none-eabi/7.1.0/thumb/v6-m/libgcc.a(_dvmd_tls.o)

.debug_str      0x0000000000000000      0x1eb
 .debug_str     0x0000000000000000       0xd1 primes-poll.o
                                         0xe7 (size before relaxing)
 .debug_str     0x00000000000000d1       0x6a lib.o
                                         0xf2 (size before relaxing)
 .debug_str     0x000000000000013b       0xb0 startup.o
                                        0x110 (size before relaxing)

.comment        0x0000000000000000       0x21
 .comment       0x0000000000000000       0x21 primes-poll.o
                                         0x22 (size before relaxing)
 .comment       0x0000000000000021       0x22 lib.o
 .comment       0x0000000000000021       0x22 startup.o

.ARM.attributes
                0x0000000000000000       0x31
 .ARM.attributes
                0x0000000000000000       0x31 primes-poll.o
 .ARM.attributes
                0x0000000000000031       0x31 lib.o
 .ARM.attributes
                0x0000000000000062       0x31 startup.o
 .ARM.attributes
                0x0000000000000093       0x1e /usr/lib/gcc/arm-none-eabi/7.1.0/thumb/v6-m/libgcc.a(_udivsi3.o)
 .ARM.attributes
                0x00000000000000b1       0x1e /usr/lib/gcc/arm-none-eabi/7.1.0/thumb/v6-m/libgcc.a(_dvmd_tls.o)

.debug_frame    0x0000000000000000      0x26c
 .debug_frame   0x0000000000000000       0xb4 primes-poll.o
 .debug_frame   0x00000000000000b4       0xec lib.o
 .debug_frame   0x00000000000001a0       0xac startup.o
 .debug_frame   0x000000000000024c       0x20 /usr/lib/gcc/arm-none-eabi/7.1.0/thumb/v6-m/libgcc.a(_udivsi3.o)
