Archive member included to satisfy reference by file (symbol)

/usr/lib/gcc/arm-none-eabi/7.1.0/thumb/v6-m/libgcc.a(_udivsi3.o)
                              lib.o (__aeabi_uidiv)
/usr/lib/gcc/arm-none-eabi/7.1.0/thumb/v6-m/libgcc.a(_dvmd_tls.o)
                              /usr/lib/gcc/arm-none-eabi/7.1.0/thumb/v6-m/libgcc.a(_udivsi3.o) (__aeabi_idiv0)

Memory Configuration

Name             Origin             Length             Attributes
FLASH            0x0000000000000000 0x0000000000040000 xr
RAM              0x0000000020000000 0x0000000000004000 xrw
*default*        0x0000000000000000 0xffffffffffffffff

Linker script and memory map

LOAD primes-intr.o
LOAD lib.o
LOAD startup.o
LOAD /usr/lib/gcc/arm-none-eabi/7.1.0/thumb/v6-m/libgcc.a

.text           0x0000000000000000      0x888
 *(.vectors)
 .vectors       0x0000000000000000       0xc0 startup.o
                0x0000000000000000                __vectors
 *(.text*)
 .text          0x00000000000000c0      0x288 primes-intr.o
                0x00000000000000c0                serial_putc
                0x0000000000000168                serial_init
                0x0000000000000218                uart_handler
                0x0000000000000260                serial_printf
                0x0000000000000280                modulo
                0x000000000000028c                prime
                0x00000000000002b8                start_timer
                0x00000000000002d8                stop_timer
                0x00000000000002e4                init
 .text          0x0000000000000348      0x220 lib.o
                0x00000000000004a4                atoi
                0x00000000000004e8                xtou
                0x0000000000000522                do_print
                0x0000000000000536                sprintf
 .text          0x0000000000000568      0x15c startup.o
                0x0000000000000568                default_handler
                0x0000000000000568                spin
                0x00000000000005b0                ecb_handler
                0x00000000000005b0                systick_handler
                0x00000000000005b0                timer0_handler
                0x00000000000005b0                swi0_handler
                0x00000000000005b0                rtc0_handler
                0x00000000000005b0                rtc1_handler
                0x00000000000005b0                swi4_handler
                0x00000000000005b0                timer2_handler
                0x00000000000005b0                timer1_handler
                0x00000000000005b0                swi5_handler
                0x00000000000005b0                svc_handler
                0x00000000000005b0                swi1_handler
                0x00000000000005b0                qdec_handler
                0x00000000000005b0                spi0_twi0_handler
                0x00000000000005b0                rng_handler
                0x00000000000005b0                temp_handler
                0x00000000000005b0                power_clock_handler
                0x00000000000005b0                gpiote_handler
                0x00000000000005b0                swi2_handler
                0x00000000000005b0                ccm_aar_handler
                0x00000000000005b0                pendsv_handler
                0x00000000000005b0                swi3_handler
                0x00000000000005b0                spi1_twi1_handler
                0x00000000000005b0                radio_handler
                0x00000000000005b0                adc_handler
                0x00000000000005b0                hardfault_handler
                0x00000000000005b0                nmi_handler
                0x00000000000005b0                lpcomp_handler
                0x00000000000005b0                wdt_handler
                0x00000000000005b8                null
                0x00000000000005b8                phos_init
                0x00000000000005b8                phos_start
                0x00000000000005ba                __reset
                0x0000000000000634                set_priority
                0x0000000000000694                enable_irq
                0x00000000000006a4                disable_irq
                0x00000000000006b4                clear_pending
 .text          0x00000000000006c4      0x114 /usr/lib/gcc/arm-none-eabi/7.1.0/thumb/v6-m/libgcc.a(_udivsi3.o)
                0x00000000000006c4                __udivsi3
                0x00000000000006c4                __aeabi_uidiv
                0x00000000000007d0                __aeabi_uidivmod
 .text          0x00000000000007d8        0x4 /usr/lib/gcc/arm-none-eabi/7.1.0/thumb/v6-m/libgcc.a(_dvmd_tls.o)
                0x00000000000007d8                __aeabi_ldiv0
                0x00000000000007d8                __aeabi_idiv0
 *(.rodata*)
 .rodata.str1.4
                0x00000000000007dc       0x39 primes-intr.o
 *fill*         0x0000000000000815        0x3 
 .rodata        0x0000000000000818       0x58 lib.o
 .rodata.str1.4
                0x0000000000000870       0x18 lib.o
                                         0x17 (size before relaxing)
                0x0000000000000888                . = ALIGN (0x4)
                0x0000000000000888                __etext = .

.glue_7         0x0000000000000888        0x0
 .glue_7        0x0000000000000888        0x0 linker stubs

.glue_7t        0x0000000000000888        0x0
 .glue_7t       0x0000000000000888        0x0 linker stubs

.vfp11_veneer   0x0000000000000888        0x0
 .vfp11_veneer  0x0000000000000888        0x0 linker stubs

.v4_bx          0x0000000000000888        0x0
 .v4_bx         0x0000000000000888        0x0 linker stubs

.iplt           0x0000000000000888        0x0
 .iplt          0x0000000000000888        0x0 primes-intr.o

.rel.dyn        0x0000000000000888        0x0
 .rel.iplt      0x0000000000000888        0x0 primes-intr.o

.data           0x0000000020000000        0x0 load address 0x0000000000000888
                0x0000000020000000                __data_start = .
 *(.data*)
 .data          0x0000000020000000        0x0 primes-intr.o
 .data          0x0000000020000000        0x0 lib.o
 .data          0x0000000020000000        0x0 startup.o
 .data          0x0000000020000000        0x0 /usr/lib/gcc/arm-none-eabi/7.1.0/thumb/v6-m/libgcc.a(_udivsi3.o)
 .data          0x0000000020000000        0x0 /usr/lib/gcc/arm-none-eabi/7.1.0/thumb/v6-m/libgcc.a(_dvmd_tls.o)
                0x0000000020000000                . = ALIGN (0x4)
                0x0000000020000000                __data_end = .

.igot.plt       0x0000000020000000        0x0 load address 0x0000000000000888
 .igot.plt      0x0000000020000000        0x0 primes-intr.o

.bss            0x0000000020000000       0x60 load address 0x0000000000000888
                0x0000000020000000                __bss_start = .
 *(.bss*)
 .bss           0x0000000020000000       0x60 primes-intr.o
 .bss           0x0000000020000060        0x0 lib.o
 .bss           0x0000000020000060        0x0 startup.o
 .bss           0x0000000020000060        0x0 /usr/lib/gcc/arm-none-eabi/7.1.0/thumb/v6-m/libgcc.a(_udivsi3.o)
 .bss           0x0000000020000060        0x0 /usr/lib/gcc/arm-none-eabi/7.1.0/thumb/v6-m/libgcc.a(_dvmd_tls.o)
 *(COMMON)
                0x0000000020000060                . = ALIGN (0x4)
                0x0000000020000060                __bss_end = .
                0x0000000020000060                __end = .
                0x0000000020004000                __stack = (ORIGIN (RAM) + LENGTH (RAM))
                0x0000000020003800                __stack_limit = (__stack - 0x800)
                0x0000000000000001                ASSERT ((__stack_limit >= __end), region RAM overlaps with stack)
OUTPUT(primes-intr.elf elf32-littlearm)

.debug_info     0x0000000000000000      0xc22
 .debug_info    0x0000000000000000      0x3b7 primes-intr.o
 .debug_info    0x00000000000003b7      0x4fd lib.o
 .debug_info    0x00000000000008b4      0x1ee startup.o
 .debug_info    0x0000000000000aa2       0xc0 /usr/lib/gcc/arm-none-eabi/7.1.0/thumb/v6-m/libgcc.a(_udivsi3.o)
 .debug_info    0x0000000000000b62       0xc0 /usr/lib/gcc/arm-none-eabi/7.1.0/thumb/v6-m/libgcc.a(_dvmd_tls.o)

.debug_abbrev   0x0000000000000000      0x5b7
 .debug_abbrev  0x0000000000000000      0x219 primes-intr.o
 .debug_abbrev  0x0000000000000219      0x23e lib.o
 .debug_abbrev  0x0000000000000457      0x138 startup.o
 .debug_abbrev  0x000000000000058f       0x14 /usr/lib/gcc/arm-none-eabi/7.1.0/thumb/v6-m/libgcc.a(_udivsi3.o)
 .debug_abbrev  0x00000000000005a3       0x14 /usr/lib/gcc/arm-none-eabi/7.1.0/thumb/v6-m/libgcc.a(_dvmd_tls.o)

.debug_loc      0x0000000000000000      0x68d
 .debug_loc     0x0000000000000000       0x9f primes-intr.o
 .debug_loc     0x000000000000009f      0x526 lib.o
 .debug_loc     0x00000000000005c5       0xc8 startup.o

.debug_aranges  0x0000000000000000       0xa0
 .debug_aranges
                0x0000000000000000       0x20 primes-intr.o
 .debug_aranges
                0x0000000000000020       0x20 lib.o
 .debug_aranges
                0x0000000000000040       0x20 startup.o
 .debug_aranges
                0x0000000000000060       0x20 /usr/lib/gcc/arm-none-eabi/7.1.0/thumb/v6-m/libgcc.a(_udivsi3.o)
 .debug_aranges
                0x0000000000000080       0x20 /usr/lib/gcc/arm-none-eabi/7.1.0/thumb/v6-m/libgcc.a(_dvmd_tls.o)

.debug_ranges   0x0000000000000000       0x60
 .debug_ranges  0x0000000000000000       0x30 primes-intr.o
 .debug_ranges  0x0000000000000030       0x30 lib.o

.debug_line     0x0000000000000000      0x37e
 .debug_line    0x0000000000000000      0x112 primes-intr.o
 .debug_line    0x0000000000000112      0x105 lib.o
 .debug_line    0x0000000000000217       0x8d startup.o
 .debug_line    0x00000000000002a4       0x73 /usr/lib/gcc/arm-none-eabi/7.1.0/thumb/v6-m/libgcc.a(_udivsi3.o)
 .debug_line    0x0000000000000317       0x67 /usr/lib/gcc/arm-none-eabi/7.1.0/thumb/v6-m/libgcc.a(_dvmd_tls.o)

.debug_str      0x0000000000000000      0x218
 .debug_str     0x0000000000000000      0x12b primes-intr.o
                                        0x141 (size before relaxing)
 .debug_str     0x000000000000012b       0x5d lib.o
                                         0xf2 (size before relaxing)
 .debug_str     0x0000000000000188       0x90 startup.o
                                        0x110 (size before relaxing)

.comment        0x0000000000000000       0x21
 .comment       0x0000000000000000       0x21 primes-intr.o
                                         0x22 (size before relaxing)
 .comment       0x0000000000000021       0x22 lib.o
 .comment       0x0000000000000021       0x22 startup.o

.ARM.attributes
                0x0000000000000000       0x31
 .ARM.attributes
                0x0000000000000000       0x31 primes-intr.o
 .ARM.attributes
                0x0000000000000031       0x31 lib.o
 .ARM.attributes
                0x0000000000000062       0x31 startup.o
 .ARM.attributes
                0x0000000000000093       0x1e /usr/lib/gcc/arm-none-eabi/7.1.0/thumb/v6-m/libgcc.a(_udivsi3.o)
 .ARM.attributes
                0x00000000000000b1       0x1e /usr/lib/gcc/arm-none-eabi/7.1.0/thumb/v6-m/libgcc.a(_dvmd_tls.o)

.debug_frame    0x0000000000000000      0x288
 .debug_frame   0x0000000000000000       0xd0 primes-intr.o
 .debug_frame   0x00000000000000d0       0xec lib.o
 .debug_frame   0x00000000000001bc       0xac startup.o
 .debug_frame   0x0000000000000268       0x20 /usr/lib/gcc/arm-none-eabi/7.1.0/thumb/v6-m/libgcc.a(_udivsi3.o)
