
Memory Configuration

Name             Origin             Length             Attributes
FLASH            0x0000000000000000 0x0000000000040000 xr
RAM              0x0000000020000000 0x0000000000004000 xrw
*default*        0x0000000000000000 0xffffffffffffffff

Linker script and memory map

LOAD heart.o
LOAD startup.o
LOAD /usr/lib/gcc/arm-none-eabi/7.1.0/thumb/v6-m/libgcc.a

.text           0x0000000000000000      0x348
 *(.vectors)
 .vectors       0x0000000000000000       0xc0 startup.o
                0x0000000000000000                __vectors
 *(.text*)
 .text          0x00000000000000c0       0xe4 heart.o
                0x00000000000000c0                delay
                0x00000000000000d2                show
                0x000000000000010c                init
 .text          0x00000000000001a4      0x15c startup.o
                0x00000000000001a4                default_handler
                0x00000000000001a4                spin
                0x00000000000001ec                ecb_handler
                0x00000000000001ec                systick_handler
                0x00000000000001ec                timer0_handler
                0x00000000000001ec                swi0_handler
                0x00000000000001ec                rtc0_handler
                0x00000000000001ec                rtc1_handler
                0x00000000000001ec                swi4_handler
                0x00000000000001ec                timer2_handler
                0x00000000000001ec                timer1_handler
                0x00000000000001ec                swi5_handler
                0x00000000000001ec                svc_handler
                0x00000000000001ec                swi1_handler
                0x00000000000001ec                qdec_handler
                0x00000000000001ec                spi0_twi0_handler
                0x00000000000001ec                rng_handler
                0x00000000000001ec                temp_handler
                0x00000000000001ec                power_clock_handler
                0x00000000000001ec                gpiote_handler
                0x00000000000001ec                swi2_handler
                0x00000000000001ec                ccm_aar_handler
                0x00000000000001ec                pendsv_handler
                0x00000000000001ec                swi3_handler
                0x00000000000001ec                spi1_twi1_handler
                0x00000000000001ec                radio_handler
                0x00000000000001ec                adc_handler
                0x00000000000001ec                hardfault_handler
                0x00000000000001ec                uart_handler
                0x00000000000001ec                nmi_handler
                0x00000000000001ec                lpcomp_handler
                0x00000000000001ec                wdt_handler
                0x00000000000001f4                null
                0x00000000000001f4                phos_init
                0x00000000000001f4                phos_start
                0x00000000000001f6                __reset
                0x0000000000000270                set_priority
                0x00000000000002d0                enable_irq
                0x00000000000002e0                disable_irq
                0x00000000000002f0                clear_pending
 *(.rodata*)
 .rodata        0x0000000000000300       0x48 heart.o
                0x0000000000000348                . = ALIGN (0x4)
                0x0000000000000348                __etext = .

.glue_7         0x0000000000000348        0x0
 .glue_7        0x0000000000000348        0x0 linker stubs

.glue_7t        0x0000000000000348        0x0
 .glue_7t       0x0000000000000348        0x0 linker stubs

.vfp11_veneer   0x0000000000000348        0x0
 .vfp11_veneer  0x0000000000000348        0x0 linker stubs

.v4_bx          0x0000000000000348        0x0
 .v4_bx         0x0000000000000348        0x0 linker stubs

.iplt           0x0000000000000348        0x0
 .iplt          0x0000000000000348        0x0 heart.o

.rel.dyn        0x0000000000000348        0x0
 .rel.iplt      0x0000000000000348        0x0 heart.o

.data           0x0000000020000000        0x0 load address 0x0000000000000348
                0x0000000020000000                __data_start = .
 *(.data*)
 .data          0x0000000020000000        0x0 heart.o
 .data          0x0000000020000000        0x0 startup.o
                0x0000000020000000                . = ALIGN (0x4)
                0x0000000020000000                __data_end = .

.igot.plt       0x0000000020000000        0x0 load address 0x0000000000000348
 .igot.plt      0x0000000020000000        0x0 heart.o

.bss            0x0000000020000000        0x0 load address 0x0000000000000348
                0x0000000020000000                __bss_start = .
 *(.bss*)
 .bss           0x0000000020000000        0x0 heart.o
 .bss           0x0000000020000000        0x0 startup.o
 *(COMMON)
                0x0000000020000000                . = ALIGN (0x4)
                0x0000000020000000                __bss_end = .
                0x0000000020000000                __end = .
                0x0000000020004000                __stack = (ORIGIN (RAM) + LENGTH (RAM))
                0x0000000020003800                __stack_limit = (__stack - 0x800)
                0x0000000000000001                ASSERT ((__stack_limit >= __end), region RAM overlaps with stack)
OUTPUT(heart.elf elf32-littlearm)

.debug_info     0x0000000000000000      0x3be
 .debug_info    0x0000000000000000      0x1d0 heart.o
 .debug_info    0x00000000000001d0      0x1ee startup.o

.debug_abbrev   0x0000000000000000      0x22c
 .debug_abbrev  0x0000000000000000       0xf4 heart.o
 .debug_abbrev  0x00000000000000f4      0x138 startup.o

.debug_loc      0x0000000000000000      0x227
 .debug_loc     0x0000000000000000      0x15f heart.o
 .debug_loc     0x000000000000015f       0xc8 startup.o

.debug_aranges  0x0000000000000000       0x40
 .debug_aranges
                0x0000000000000000       0x20 heart.o
 .debug_aranges
                0x0000000000000020       0x20 startup.o

.debug_ranges   0x0000000000000000       0x18
 .debug_ranges  0x0000000000000000       0x18 heart.o

.debug_line     0x0000000000000000       0xea
 .debug_line    0x0000000000000000       0x5d heart.o
 .debug_line    0x000000000000005d       0x8d startup.o

.debug_str      0x0000000000000000      0x140
 .debug_str     0x0000000000000000       0x90 heart.o
 .debug_str     0x0000000000000090       0xb0 startup.o
                                        0x10e (size before relaxing)

.comment        0x0000000000000000       0x21
 .comment       0x0000000000000000       0x21 heart.o
                                         0x22 (size before relaxing)
 .comment       0x0000000000000021       0x22 startup.o

.ARM.attributes
                0x0000000000000000       0x31
 .ARM.attributes
                0x0000000000000000       0x31 heart.o
 .ARM.attributes
                0x0000000000000031       0x31 startup.o

.debug_frame    0x0000000000000000      0x114
 .debug_frame   0x0000000000000000       0x68 heart.o
 .debug_frame   0x0000000000000068       0xac startup.o
